<?xml version="1.0" encoding="utf-8" ?>
<result>
	<row>
		<label>Direct Entry</label>
		<nb_visits>1</nb_visits>
		<nb_actions>39</nb_actions>
		<max_actions>39</max_actions>
		<sum_visit_length>1</sum_visit_length>
		<bounce_count>0</bounce_count>
		<nb_visits_converted>0</nb_visits_converted>
		<sum_daily_nb_uniq_visitors>1</sum_daily_nb_uniq_visitors>
		<sum_daily_nb_users>0</sum_daily_nb_users>
		<segment>referrerType==direct</segment>
		<referrer_type>1</referrer_type>
	</row>
</result>