<?xml version="1.0" encoding="utf-8" ?>
<result>
	<row>
		<label>API.getPiwikVersion (count)</label>
		<nb_visits>1</nb_visits>
		<nb_events>1</nb_events>
		<nb_events_with_value>1</nb_events_with_value>
		<sum_event_value>2</sum_event_value>
		<min_event_value>2</min_event_value>
		<max_event_value>2</max_event_value>
		<sum_daily_nb_uniq_visitors>2</sum_daily_nb_uniq_visitors>
		<avg_event_value>2</avg_event_value>
		<segment>eventAction==API.getPiwikVersion+%28count%29</segment>
		<subtable>
			<row>
				<label>API (count)</label>
				<nb_visits>1</nb_visits>
				<nb_events>1</nb_events>
				<nb_events_with_value>1</nb_events_with_value>
				<sum_event_value>2</sum_event_value>
				<min_event_value>2</min_event_value>
				<max_event_value>2</max_event_value>
				<sum_daily_nb_uniq_visitors>2</sum_daily_nb_uniq_visitors>
				<avg_event_value>2</avg_event_value>
			</row>
		</subtable>
	</row>
	<row>
		<label>API.getPiwikVersion (speed)</label>
		<nb_visits>1</nb_visits>
		<nb_events>1</nb_events>
		<nb_events_with_value>1</nb_events_with_value>
		<sum_event_value>2</sum_event_value>
		<min_event_value>2</min_event_value>
		<max_event_value>2</max_event_value>
		<sum_daily_nb_uniq_visitors>2</sum_daily_nb_uniq_visitors>
		<avg_event_value>2</avg_event_value>
		<segment>eventAction==API.getPiwikVersion+%28speed%29</segment>
		<subtable>
			<row>
				<label>API (speed)</label>
				<nb_visits>1</nb_visits>
				<nb_events>1</nb_events>
				<nb_events_with_value>1</nb_events_with_value>
				<sum_event_value>2</sum_event_value>
				<min_event_value>2</min_event_value>
				<max_event_value>2</max_event_value>
				<sum_daily_nb_uniq_visitors>2</sum_daily_nb_uniq_visitors>
				<avg_event_value>2</avg_event_value>
			</row>
		</subtable>
	</row>
	<row>
		<label>API.getSettings (count)</label>
		<nb_visits>1</nb_visits>
		<nb_events>1</nb_events>
		<nb_events_with_value>1</nb_events_with_value>
		<sum_event_value>2</sum_event_value>
		<min_event_value>2</min_event_value>
		<max_event_value>2</max_event_value>
		<sum_daily_nb_uniq_visitors>2</sum_daily_nb_uniq_visitors>
		<avg_event_value>2</avg_event_value>
		<segment>eventAction==API.getSettings+%28count%29</segment>
		<subtable>
			<row>
				<label>API (count)</label>
				<nb_visits>1</nb_visits>
				<nb_events>1</nb_events>
				<nb_events_with_value>1</nb_events_with_value>
				<sum_event_value>2</sum_event_value>
				<min_event_value>2</min_event_value>
				<max_event_value>2</max_event_value>
				<sum_daily_nb_uniq_visitors>2</sum_daily_nb_uniq_visitors>
				<avg_event_value>2</avg_event_value>
			</row>
		</subtable>
	</row>
	<row>
		<label>API.getSettings (speed)</label>
		<nb_visits>1</nb_visits>
		<nb_events>1</nb_events>
		<nb_events_with_value>1</nb_events_with_value>
		<sum_event_value>2</sum_event_value>
		<min_event_value>2</min_event_value>
		<max_event_value>2</max_event_value>
		<sum_daily_nb_uniq_visitors>2</sum_daily_nb_uniq_visitors>
		<avg_event_value>2</avg_event_value>
		<segment>eventAction==API.getSettings+%28speed%29</segment>
		<subtable>
			<row>
				<label>API (speed)</label>
				<nb_visits>1</nb_visits>
				<nb_events>1</nb_events>
				<nb_events_with_value>1</nb_events_with_value>
				<sum_event_value>2</sum_event_value>
				<min_event_value>2</min_event_value>
				<max_event_value>2</max_event_value>
				<sum_daily_nb_uniq_visitors>2</sum_daily_nb_uniq_visitors>
				<avg_event_value>2</avg_event_value>
			</row>
		</subtable>
	</row>
	<row>
		<label>CoreAdminHome.invalidateArchivedReports (count)</label>
		<nb_visits>1</nb_visits>
		<nb_events>1</nb_events>
		<nb_events_with_value>1</nb_events_with_value>
		<sum_event_value>2</sum_event_value>
		<min_event_value>2</min_event_value>
		<max_event_value>2</max_event_value>
		<sum_daily_nb_uniq_visitors>2</sum_daily_nb_uniq_visitors>
		<avg_event_value>2</avg_event_value>
		<segment>eventAction==CoreAdminHome.invalidateArchivedReports+%28count%29</segment>
		<subtable>
			<row>
				<label>CoreAdminHome (count)</label>
				<nb_visits>1</nb_visits>
				<nb_events>1</nb_events>
				<nb_events_with_value>1</nb_events_with_value>
				<sum_event_value>2</sum_event_value>
				<min_event_value>2</min_event_value>
				<max_event_value>2</max_event_value>
				<sum_daily_nb_uniq_visitors>2</sum_daily_nb_uniq_visitors>
				<avg_event_value>2</avg_event_value>
			</row>
		</subtable>
	</row>
	<row>
		<label>CoreAdminHome.invalidateArchivedReports (speed)</label>
		<nb_visits>1</nb_visits>
		<nb_events>1</nb_events>
		<nb_events_with_value>1</nb_events_with_value>
		<sum_event_value>2</sum_event_value>
		<min_event_value>2</min_event_value>
		<max_event_value>2</max_event_value>
		<sum_daily_nb_uniq_visitors>2</sum_daily_nb_uniq_visitors>
		<avg_event_value>2</avg_event_value>
		<segment>eventAction==CoreAdminHome.invalidateArchivedReports+%28speed%29</segment>
		<subtable>
			<row>
				<label>CoreAdminHome (speed)</label>
				<nb_visits>1</nb_visits>
				<nb_events>1</nb_events>
				<nb_events_with_value>1</nb_events_with_value>
				<sum_event_value>2</sum_event_value>
				<min_event_value>2</min_event_value>
				<max_event_value>2</max_event_value>
				<sum_daily_nb_uniq_visitors>2</sum_daily_nb_uniq_visitors>
				<avg_event_value>2</avg_event_value>
			</row>
		</subtable>
	</row>
	<row>
		<label>CustomDimensions.getConfiguredCustomDimensions (count)</label>
		<nb_visits>1</nb_visits>
		<nb_events>1</nb_events>
		<nb_events_with_value>1</nb_events_with_value>
		<sum_event_value>2</sum_event_value>
		<min_event_value>2</min_event_value>
		<max_event_value>2</max_event_value>
		<sum_daily_nb_uniq_visitors>2</sum_daily_nb_uniq_visitors>
		<avg_event_value>2</avg_event_value>
		<segment>eventAction==CustomDimensions.getConfiguredCustomDimensions+%28count%29</segment>
		<subtable>
			<row>
				<label>CustomDimensions (count)</label>
				<nb_visits>1</nb_visits>
				<nb_events>1</nb_events>
				<nb_events_with_value>1</nb_events_with_value>
				<sum_event_value>2</sum_event_value>
				<min_event_value>2</min_event_value>
				<max_event_value>2</max_event_value>
				<sum_daily_nb_uniq_visitors>2</sum_daily_nb_uniq_visitors>
				<avg_event_value>2</avg_event_value>
			</row>
		</subtable>
	</row>
	<row>
		<label>CustomDimensions.getConfiguredCustomDimensions (speed)</label>
		<nb_visits>1</nb_visits>
		<nb_events>1</nb_events>
		<nb_events_with_value>1</nb_events_with_value>
		<sum_event_value>2</sum_event_value>
		<min_event_value>2</min_event_value>
		<max_event_value>2</max_event_value>
		<sum_daily_nb_uniq_visitors>2</sum_daily_nb_uniq_visitors>
		<avg_event_value>2</avg_event_value>
		<segment>eventAction==CustomDimensions.getConfiguredCustomDimensions+%28speed%29</segment>
		<subtable>
			<row>
				<label>CustomDimensions (speed)</label>
				<nb_visits>1</nb_visits>
				<nb_events>1</nb_events>
				<nb_events_with_value>1</nb_events_with_value>
				<sum_event_value>2</sum_event_value>
				<min_event_value>2</min_event_value>
				<max_event_value>2</max_event_value>
				<sum_daily_nb_uniq_visitors>2</sum_daily_nb_uniq_visitors>
				<avg_event_value>2</avg_event_value>
			</row>
		</subtable>
	</row>
	<row>
		<label>Dashboard.getDashboards (count)</label>
		<nb_visits>1</nb_visits>
		<nb_events>1</nb_events>
		<nb_events_with_value>1</nb_events_with_value>
		<sum_event_value>2</sum_event_value>
		<min_event_value>2</min_event_value>
		<max_event_value>2</max_event_value>
		<sum_daily_nb_uniq_visitors>2</sum_daily_nb_uniq_visitors>
		<avg_event_value>2</avg_event_value>
		<segment>eventAction==Dashboard.getDashboards+%28count%29</segment>
		<subtable>
			<row>
				<label>Dashboard (count)</label>
				<nb_visits>1</nb_visits>
				<nb_events>1</nb_events>
				<nb_events_with_value>1</nb_events_with_value>
				<sum_event_value>2</sum_event_value>
				<min_event_value>2</min_event_value>
				<max_event_value>2</max_event_value>
				<sum_daily_nb_uniq_visitors>2</sum_daily_nb_uniq_visitors>
				<avg_event_value>2</avg_event_value>
			</row>
		</subtable>
	</row>
	<row>
		<label>Dashboard.getDashboards (speed)</label>
		<nb_visits>1</nb_visits>
		<nb_events>1</nb_events>
		<nb_events_with_value>1</nb_events_with_value>
		<sum_event_value>2</sum_event_value>
		<min_event_value>2</min_event_value>
		<max_event_value>2</max_event_value>
		<sum_daily_nb_uniq_visitors>2</sum_daily_nb_uniq_visitors>
		<avg_event_value>2</avg_event_value>
		<segment>eventAction==Dashboard.getDashboards+%28speed%29</segment>
		<subtable>
			<row>
				<label>Dashboard (speed)</label>
				<nb_visits>1</nb_visits>
				<nb_events>1</nb_events>
				<nb_events_with_value>1</nb_events_with_value>
				<sum_event_value>2</sum_event_value>
				<min_event_value>2</min_event_value>
				<max_event_value>2</max_event_value>
				<sum_daily_nb_uniq_visitors>2</sum_daily_nb_uniq_visitors>
				<avg_event_value>2</avg_event_value>
			</row>
		</subtable>
	</row>
	<row>
		<label>Goals.getGoals (count)</label>
		<nb_visits>1</nb_visits>
		<nb_events>1</nb_events>
		<nb_events_with_value>1</nb_events_with_value>
		<sum_event_value>2</sum_event_value>
		<min_event_value>2</min_event_value>
		<max_event_value>2</max_event_value>
		<sum_daily_nb_uniq_visitors>2</sum_daily_nb_uniq_visitors>
		<avg_event_value>2</avg_event_value>
		<segment>eventAction==Goals.getGoals+%28count%29</segment>
		<subtable>
			<row>
				<label>Goals (count)</label>
				<nb_visits>1</nb_visits>
				<nb_events>1</nb_events>
				<nb_events_with_value>1</nb_events_with_value>
				<sum_event_value>2</sum_event_value>
				<min_event_value>2</min_event_value>
				<max_event_value>2</max_event_value>
				<sum_daily_nb_uniq_visitors>2</sum_daily_nb_uniq_visitors>
				<avg_event_value>2</avg_event_value>
			</row>
		</subtable>
	</row>
	<row>
		<label>Goals.getGoals (speed)</label>
		<nb_visits>1</nb_visits>
		<nb_events>1</nb_events>
		<nb_events_with_value>1</nb_events_with_value>
		<sum_event_value>2</sum_event_value>
		<min_event_value>2</min_event_value>
		<max_event_value>2</max_event_value>
		<sum_daily_nb_uniq_visitors>2</sum_daily_nb_uniq_visitors>
		<avg_event_value>2</avg_event_value>
		<segment>eventAction==Goals.getGoals+%28speed%29</segment>
		<subtable>
			<row>
				<label>Goals (speed)</label>
				<nb_visits>1</nb_visits>
				<nb_events>1</nb_events>
				<nb_events_with_value>1</nb_events_with_value>
				<sum_event_value>2</sum_event_value>
				<min_event_value>2</min_event_value>
				<max_event_value>2</max_event_value>
				<sum_daily_nb_uniq_visitors>2</sum_daily_nb_uniq_visitors>
				<avg_event_value>2</avg_event_value>
			</row>
		</subtable>
	</row>
	<row>
		<label>LanguagesManager.uses12HourClockForUser (count)</label>
		<nb_visits>1</nb_visits>
		<nb_events>1</nb_events>
		<nb_events_with_value>1</nb_events_with_value>
		<sum_event_value>2</sum_event_value>
		<min_event_value>2</min_event_value>
		<max_event_value>2</max_event_value>
		<sum_daily_nb_uniq_visitors>2</sum_daily_nb_uniq_visitors>
		<avg_event_value>2</avg_event_value>
		<segment>eventAction==LanguagesManager.uses12HourClockForUser+%28count%29</segment>
		<subtable>
			<row>
				<label>LanguagesManager (count)</label>
				<nb_visits>1</nb_visits>
				<nb_events>1</nb_events>
				<nb_events_with_value>1</nb_events_with_value>
				<sum_event_value>2</sum_event_value>
				<min_event_value>2</min_event_value>
				<max_event_value>2</max_event_value>
				<sum_daily_nb_uniq_visitors>2</sum_daily_nb_uniq_visitors>
				<avg_event_value>2</avg_event_value>
			</row>
		</subtable>
	</row>
	<row>
		<label>LanguagesManager.uses12HourClockForUser (speed)</label>
		<nb_visits>1</nb_visits>
		<nb_events>1</nb_events>
		<nb_events_with_value>1</nb_events_with_value>
		<sum_event_value>2</sum_event_value>
		<min_event_value>2</min_event_value>
		<max_event_value>2</max_event_value>
		<sum_daily_nb_uniq_visitors>2</sum_daily_nb_uniq_visitors>
		<avg_event_value>2</avg_event_value>
		<segment>eventAction==LanguagesManager.uses12HourClockForUser+%28speed%29</segment>
		<subtable>
			<row>
				<label>LanguagesManager (speed)</label>
				<nb_visits>1</nb_visits>
				<nb_events>1</nb_events>
				<nb_events_with_value>1</nb_events_with_value>
				<sum_event_value>2</sum_event_value>
				<min_event_value>2</min_event_value>
				<max_event_value>2</max_event_value>
				<sum_daily_nb_uniq_visitors>2</sum_daily_nb_uniq_visitors>
				<avg_event_value>2</avg_event_value>
			</row>
		</subtable>
	</row>
	<row>
		<label>SitesManager.getAllSites (count)</label>
		<nb_visits>1</nb_visits>
		<nb_events>1</nb_events>
		<nb_events_with_value>1</nb_events_with_value>
		<sum_event_value>2</sum_event_value>
		<min_event_value>2</min_event_value>
		<max_event_value>2</max_event_value>
		<sum_daily_nb_uniq_visitors>2</sum_daily_nb_uniq_visitors>
		<avg_event_value>2</avg_event_value>
		<segment>eventAction==SitesManager.getAllSites+%28count%29</segment>
		<subtable>
			<row>
				<label>SitesManager (count)</label>
				<nb_visits>1</nb_visits>
				<nb_events>1</nb_events>
				<nb_events_with_value>1</nb_events_with_value>
				<sum_event_value>2</sum_event_value>
				<min_event_value>2</min_event_value>
				<max_event_value>2</max_event_value>
				<sum_daily_nb_uniq_visitors>2</sum_daily_nb_uniq_visitors>
				<avg_event_value>2</avg_event_value>
			</row>
		</subtable>
	</row>
	<row>
		<label>SitesManager.getAllSites (speed)</label>
		<nb_visits>1</nb_visits>
		<nb_events>1</nb_events>
		<nb_events_with_value>1</nb_events_with_value>
		<sum_event_value>2</sum_event_value>
		<min_event_value>2</min_event_value>
		<max_event_value>2</max_event_value>
		<sum_daily_nb_uniq_visitors>2</sum_daily_nb_uniq_visitors>
		<avg_event_value>2</avg_event_value>
		<segment>eventAction==SitesManager.getAllSites+%28speed%29</segment>
		<subtable>
			<row>
				<label>SitesManager (speed)</label>
				<nb_visits>1</nb_visits>
				<nb_events>1</nb_events>
				<nb_events_with_value>1</nb_events_with_value>
				<sum_event_value>2</sum_event_value>
				<min_event_value>2</min_event_value>
				<max_event_value>2</max_event_value>
				<sum_daily_nb_uniq_visitors>2</sum_daily_nb_uniq_visitors>
				<avg_event_value>2</avg_event_value>
			</row>
		</subtable>
	</row>
	<row>
		<label>SitesManager.getSiteFromId (count)</label>
		<nb_visits>1</nb_visits>
		<nb_events>1</nb_events>
		<nb_events_with_value>1</nb_events_with_value>
		<sum_event_value>2</sum_event_value>
		<min_event_value>2</min_event_value>
		<max_event_value>2</max_event_value>
		<sum_daily_nb_uniq_visitors>2</sum_daily_nb_uniq_visitors>
		<avg_event_value>2</avg_event_value>
		<segment>eventAction==SitesManager.getSiteFromId+%28count%29</segment>
		<subtable>
			<row>
				<label>SitesManager (count)</label>
				<nb_visits>1</nb_visits>
				<nb_events>1</nb_events>
				<nb_events_with_value>1</nb_events_with_value>
				<sum_event_value>2</sum_event_value>
				<min_event_value>2</min_event_value>
				<max_event_value>2</max_event_value>
				<sum_daily_nb_uniq_visitors>2</sum_daily_nb_uniq_visitors>
				<avg_event_value>2</avg_event_value>
			</row>
		</subtable>
	</row>
	<row>
		<label>SitesManager.getSiteFromId (speed)</label>
		<nb_visits>1</nb_visits>
		<nb_events>1</nb_events>
		<nb_events_with_value>1</nb_events_with_value>
		<sum_event_value>2</sum_event_value>
		<min_event_value>2</min_event_value>
		<max_event_value>2</max_event_value>
		<sum_daily_nb_uniq_visitors>2</sum_daily_nb_uniq_visitors>
		<avg_event_value>2</avg_event_value>
		<segment>eventAction==SitesManager.getSiteFromId+%28speed%29</segment>
		<subtable>
			<row>
				<label>SitesManager (speed)</label>
				<nb_visits>1</nb_visits>
				<nb_events>1</nb_events>
				<nb_events_with_value>1</nb_events_with_value>
				<sum_event_value>2</sum_event_value>
				<min_event_value>2</min_event_value>
				<max_event_value>2</max_event_value>
				<sum_daily_nb_uniq_visitors>2</sum_daily_nb_uniq_visitors>
				<avg_event_value>2</avg_event_value>
			</row>
		</subtable>
	</row>
	<row>
		<label>TagManager.addContainer (count)</label>
		<nb_visits>1</nb_visits>
		<nb_events>1</nb_events>
		<nb_events_with_value>1</nb_events_with_value>
		<sum_event_value>2</sum_event_value>
		<min_event_value>2</min_event_value>
		<max_event_value>2</max_event_value>
		<sum_daily_nb_uniq_visitors>2</sum_daily_nb_uniq_visitors>
		<avg_event_value>2</avg_event_value>
		<segment>eventAction==TagManager.addContainer+%28count%29</segment>
		<subtable>
			<row>
				<label>TagManager (count)</label>
				<nb_visits>1</nb_visits>
				<nb_events>1</nb_events>
				<nb_events_with_value>1</nb_events_with_value>
				<sum_event_value>2</sum_event_value>
				<min_event_value>2</min_event_value>
				<max_event_value>2</max_event_value>
				<sum_daily_nb_uniq_visitors>2</sum_daily_nb_uniq_visitors>
				<avg_event_value>2</avg_event_value>
			</row>
		</subtable>
	</row>
	<row>
		<label>TagManager.addContainer (speed)</label>
		<nb_visits>1</nb_visits>
		<nb_events>1</nb_events>
		<nb_events_with_value>1</nb_events_with_value>
		<sum_event_value>2</sum_event_value>
		<min_event_value>2</min_event_value>
		<max_event_value>2</max_event_value>
		<sum_daily_nb_uniq_visitors>2</sum_daily_nb_uniq_visitors>
		<avg_event_value>2</avg_event_value>
		<segment>eventAction==TagManager.addContainer+%28speed%29</segment>
		<subtable>
			<row>
				<label>TagManager (speed)</label>
				<nb_visits>1</nb_visits>
				<nb_events>1</nb_events>
				<nb_events_with_value>1</nb_events_with_value>
				<sum_event_value>2</sum_event_value>
				<min_event_value>2</min_event_value>
				<max_event_value>2</max_event_value>
				<sum_daily_nb_uniq_visitors>2</sum_daily_nb_uniq_visitors>
				<avg_event_value>2</avg_event_value>
			</row>
		</subtable>
	</row>
	<row>
		<label>TagManager.addContainerTag (count)</label>
		<nb_visits>1</nb_visits>
		<nb_events>1</nb_events>
		<nb_events_with_value>1</nb_events_with_value>
		<sum_event_value>2</sum_event_value>
		<min_event_value>2</min_event_value>
		<max_event_value>2</max_event_value>
		<sum_daily_nb_uniq_visitors>2</sum_daily_nb_uniq_visitors>
		<avg_event_value>2</avg_event_value>
		<segment>eventAction==TagManager.addContainerTag+%28count%29</segment>
		<subtable>
			<row>
				<label>TagManager (count)</label>
				<nb_visits>1</nb_visits>
				<nb_events>1</nb_events>
				<nb_events_with_value>1</nb_events_with_value>
				<sum_event_value>2</sum_event_value>
				<min_event_value>2</min_event_value>
				<max_event_value>2</max_event_value>
				<sum_daily_nb_uniq_visitors>2</sum_daily_nb_uniq_visitors>
				<avg_event_value>2</avg_event_value>
			</row>
		</subtable>
	</row>
	<row>
		<label>TagManager.addContainerTag (speed)</label>
		<nb_visits>1</nb_visits>
		<nb_events>1</nb_events>
		<nb_events_with_value>1</nb_events_with_value>
		<sum_event_value>2</sum_event_value>
		<min_event_value>2</min_event_value>
		<max_event_value>2</max_event_value>
		<sum_daily_nb_uniq_visitors>2</sum_daily_nb_uniq_visitors>
		<avg_event_value>2</avg_event_value>
		<segment>eventAction==TagManager.addContainerTag+%28speed%29</segment>
		<subtable>
			<row>
				<label>TagManager (speed)</label>
				<nb_visits>1</nb_visits>
				<nb_events>1</nb_events>
				<nb_events_with_value>1</nb_events_with_value>
				<sum_event_value>2</sum_event_value>
				<min_event_value>2</min_event_value>
				<max_event_value>2</max_event_value>
				<sum_daily_nb_uniq_visitors>2</sum_daily_nb_uniq_visitors>
				<avg_event_value>2</avg_event_value>
			</row>
		</subtable>
	</row>
	<row>
		<label>TagManager.addContainerTrigger (count)</label>
		<nb_visits>1</nb_visits>
		<nb_events>1</nb_events>
		<nb_events_with_value>1</nb_events_with_value>
		<sum_event_value>2</sum_event_value>
		<min_event_value>2</min_event_value>
		<max_event_value>2</max_event_value>
		<sum_daily_nb_uniq_visitors>2</sum_daily_nb_uniq_visitors>
		<avg_event_value>2</avg_event_value>
		<segment>eventAction==TagManager.addContainerTrigger+%28count%29</segment>
		<subtable>
			<row>
				<label>TagManager (count)</label>
				<nb_visits>1</nb_visits>
				<nb_events>1</nb_events>
				<nb_events_with_value>1</nb_events_with_value>
				<sum_event_value>2</sum_event_value>
				<min_event_value>2</min_event_value>
				<max_event_value>2</max_event_value>
				<sum_daily_nb_uniq_visitors>2</sum_daily_nb_uniq_visitors>
				<avg_event_value>2</avg_event_value>
			</row>
		</subtable>
	</row>
	<row>
		<label>TagManager.addContainerTrigger (speed)</label>
		<nb_visits>1</nb_visits>
		<nb_events>1</nb_events>
		<nb_events_with_value>1</nb_events_with_value>
		<sum_event_value>2</sum_event_value>
		<min_event_value>2</min_event_value>
		<max_event_value>2</max_event_value>
		<sum_daily_nb_uniq_visitors>2</sum_daily_nb_uniq_visitors>
		<avg_event_value>2</avg_event_value>
		<segment>eventAction==TagManager.addContainerTrigger+%28speed%29</segment>
		<subtable>
			<row>
				<label>TagManager (speed)</label>
				<nb_visits>1</nb_visits>
				<nb_events>1</nb_events>
				<nb_events_with_value>1</nb_events_with_value>
				<sum_event_value>2</sum_event_value>
				<min_event_value>2</min_event_value>
				<max_event_value>2</max_event_value>
				<sum_daily_nb_uniq_visitors>2</sum_daily_nb_uniq_visitors>
				<avg_event_value>2</avg_event_value>
			</row>
		</subtable>
	</row>
	<row>
		<label>TagManager.addContainerVariable (count)</label>
		<nb_visits>1</nb_visits>
		<nb_events>1</nb_events>
		<nb_events_with_value>1</nb_events_with_value>
		<sum_event_value>2</sum_event_value>
		<min_event_value>2</min_event_value>
		<max_event_value>2</max_event_value>
		<sum_daily_nb_uniq_visitors>2</sum_daily_nb_uniq_visitors>
		<avg_event_value>2</avg_event_value>
		<segment>eventAction==TagManager.addContainerVariable+%28count%29</segment>
		<subtable>
			<row>
				<label>TagManager (count)</label>
				<nb_visits>1</nb_visits>
				<nb_events>1</nb_events>
				<nb_events_with_value>1</nb_events_with_value>
				<sum_event_value>2</sum_event_value>
				<min_event_value>2</min_event_value>
				<max_event_value>2</max_event_value>
				<sum_daily_nb_uniq_visitors>2</sum_daily_nb_uniq_visitors>
				<avg_event_value>2</avg_event_value>
			</row>
		</subtable>
	</row>
	<row>
		<label>TagManager.addContainerVariable (speed)</label>
		<nb_visits>1</nb_visits>
		<nb_events>1</nb_events>
		<nb_events_with_value>1</nb_events_with_value>
		<sum_event_value>2</sum_event_value>
		<min_event_value>2</min_event_value>
		<max_event_value>2</max_event_value>
		<sum_daily_nb_uniq_visitors>2</sum_daily_nb_uniq_visitors>
		<avg_event_value>2</avg_event_value>
		<segment>eventAction==TagManager.addContainerVariable+%28speed%29</segment>
		<subtable>
			<row>
				<label>TagManager (speed)</label>
				<nb_visits>1</nb_visits>
				<nb_events>1</nb_events>
				<nb_events_with_value>1</nb_events_with_value>
				<sum_event_value>2</sum_event_value>
				<min_event_value>2</min_event_value>
				<max_event_value>2</max_event_value>
				<sum_daily_nb_uniq_visitors>2</sum_daily_nb_uniq_visitors>
				<avg_event_value>2</avg_event_value>
			</row>
		</subtable>
	</row>
	<row>
		<label>TagManager.createContainerVersion (count)</label>
		<nb_visits>1</nb_visits>
		<nb_events>1</nb_events>
		<nb_events_with_value>1</nb_events_with_value>
		<sum_event_value>2</sum_event_value>
		<min_event_value>2</min_event_value>
		<max_event_value>2</max_event_value>
		<sum_daily_nb_uniq_visitors>2</sum_daily_nb_uniq_visitors>
		<avg_event_value>2</avg_event_value>
		<segment>eventAction==TagManager.createContainerVersion+%28count%29</segment>
		<subtable>
			<row>
				<label>TagManager (count)</label>
				<nb_visits>1</nb_visits>
				<nb_events>1</nb_events>
				<nb_events_with_value>1</nb_events_with_value>
				<sum_event_value>2</sum_event_value>
				<min_event_value>2</min_event_value>
				<max_event_value>2</max_event_value>
				<sum_daily_nb_uniq_visitors>2</sum_daily_nb_uniq_visitors>
				<avg_event_value>2</avg_event_value>
			</row>
		</subtable>
	</row>
	<row>
		<label>TagManager.createContainerVersion (speed)</label>
		<nb_visits>1</nb_visits>
		<nb_events>1</nb_events>
		<nb_events_with_value>1</nb_events_with_value>
		<sum_event_value>2</sum_event_value>
		<min_event_value>2</min_event_value>
		<max_event_value>2</max_event_value>
		<sum_daily_nb_uniq_visitors>2</sum_daily_nb_uniq_visitors>
		<avg_event_value>2</avg_event_value>
		<segment>eventAction==TagManager.createContainerVersion+%28speed%29</segment>
		<subtable>
			<row>
				<label>TagManager (speed)</label>
				<nb_visits>1</nb_visits>
				<nb_events>1</nb_events>
				<nb_events_with_value>1</nb_events_with_value>
				<sum_event_value>2</sum_event_value>
				<min_event_value>2</min_event_value>
				<max_event_value>2</max_event_value>
				<sum_daily_nb_uniq_visitors>2</sum_daily_nb_uniq_visitors>
				<avg_event_value>2</avg_event_value>
			</row>
		</subtable>
	</row>
	<row>
		<label>TagManager.createDefaultContainerForSite (count)</label>
		<nb_visits>1</nb_visits>
		<nb_events>1</nb_events>
		<nb_events_with_value>1</nb_events_with_value>
		<sum_event_value>2</sum_event_value>
		<min_event_value>2</min_event_value>
		<max_event_value>2</max_event_value>
		<sum_daily_nb_uniq_visitors>2</sum_daily_nb_uniq_visitors>
		<avg_event_value>2</avg_event_value>
		<segment>eventAction==TagManager.createDefaultContainerForSite+%28count%29</segment>
		<subtable>
			<row>
				<label>TagManager (count)</label>
				<nb_visits>1</nb_visits>
				<nb_events>1</nb_events>
				<nb_events_with_value>1</nb_events_with_value>
				<sum_event_value>2</sum_event_value>
				<min_event_value>2</min_event_value>
				<max_event_value>2</max_event_value>
				<sum_daily_nb_uniq_visitors>2</sum_daily_nb_uniq_visitors>
				<avg_event_value>2</avg_event_value>
			</row>
		</subtable>
	</row>
	<row>
		<label>TagManager.createDefaultContainerForSite (speed)</label>
		<nb_visits>1</nb_visits>
		<nb_events>1</nb_events>
		<nb_events_with_value>1</nb_events_with_value>
		<sum_event_value>2</sum_event_value>
		<min_event_value>2</min_event_value>
		<max_event_value>2</max_event_value>
		<sum_daily_nb_uniq_visitors>2</sum_daily_nb_uniq_visitors>
		<avg_event_value>2</avg_event_value>
		<segment>eventAction==TagManager.createDefaultContainerForSite+%28speed%29</segment>
		<subtable>
			<row>
				<label>TagManager (speed)</label>
				<nb_visits>1</nb_visits>
				<nb_events>1</nb_events>
				<nb_events_with_value>1</nb_events_with_value>
				<sum_event_value>2</sum_event_value>
				<min_event_value>2</min_event_value>
				<max_event_value>2</max_event_value>
				<sum_daily_nb_uniq_visitors>2</sum_daily_nb_uniq_visitors>
				<avg_event_value>2</avg_event_value>
			</row>
		</subtable>
	</row>
	<row>
		<label>TagManager.getAvailableEnvironments (count)</label>
		<nb_visits>1</nb_visits>
		<nb_events>1</nb_events>
		<nb_events_with_value>1</nb_events_with_value>
		<sum_event_value>2</sum_event_value>
		<min_event_value>2</min_event_value>
		<max_event_value>2</max_event_value>
		<sum_daily_nb_uniq_visitors>2</sum_daily_nb_uniq_visitors>
		<avg_event_value>2</avg_event_value>
		<segment>eventAction==TagManager.getAvailableEnvironments+%28count%29</segment>
		<subtable>
			<row>
				<label>TagManager (count)</label>
				<nb_visits>1</nb_visits>
				<nb_events>1</nb_events>
				<nb_events_with_value>1</nb_events_with_value>
				<sum_event_value>2</sum_event_value>
				<min_event_value>2</min_event_value>
				<max_event_value>2</max_event_value>
				<sum_daily_nb_uniq_visitors>2</sum_daily_nb_uniq_visitors>
				<avg_event_value>2</avg_event_value>
			</row>
		</subtable>
	</row>
	<row>
		<label>TagManager.getAvailableEnvironments (speed)</label>
		<nb_visits>1</nb_visits>
		<nb_events>1</nb_events>
		<nb_events_with_value>1</nb_events_with_value>
		<sum_event_value>2</sum_event_value>
		<min_event_value>2</min_event_value>
		<max_event_value>2</max_event_value>
		<sum_daily_nb_uniq_visitors>2</sum_daily_nb_uniq_visitors>
		<avg_event_value>2</avg_event_value>
		<segment>eventAction==TagManager.getAvailableEnvironments+%28speed%29</segment>
		<subtable>
			<row>
				<label>TagManager (speed)</label>
				<nb_visits>1</nb_visits>
				<nb_events>1</nb_events>
				<nb_events_with_value>1</nb_events_with_value>
				<sum_event_value>2</sum_event_value>
				<min_event_value>2</min_event_value>
				<max_event_value>2</max_event_value>
				<sum_daily_nb_uniq_visitors>2</sum_daily_nb_uniq_visitors>
				<avg_event_value>2</avg_event_value>
			</row>
		</subtable>
	</row>
	<row>
		<label>TagManager.publishContainerVersion (count)</label>
		<nb_visits>1</nb_visits>
		<nb_events>1</nb_events>
		<nb_events_with_value>1</nb_events_with_value>
		<sum_event_value>2</sum_event_value>
		<min_event_value>2</min_event_value>
		<max_event_value>2</max_event_value>
		<sum_daily_nb_uniq_visitors>2</sum_daily_nb_uniq_visitors>
		<avg_event_value>2</avg_event_value>
		<segment>eventAction==TagManager.publishContainerVersion+%28count%29</segment>
		<subtable>
			<row>
				<label>TagManager (count)</label>
				<nb_visits>1</nb_visits>
				<nb_events>1</nb_events>
				<nb_events_with_value>1</nb_events_with_value>
				<sum_event_value>2</sum_event_value>
				<min_event_value>2</min_event_value>
				<max_event_value>2</max_event_value>
				<sum_daily_nb_uniq_visitors>2</sum_daily_nb_uniq_visitors>
				<avg_event_value>2</avg_event_value>
			</row>
		</subtable>
	</row>
	<row>
		<label>TagManager.publishContainerVersion (speed)</label>
		<nb_visits>1</nb_visits>
		<nb_events>1</nb_events>
		<nb_events_with_value>1</nb_events_with_value>
		<sum_event_value>2</sum_event_value>
		<min_event_value>2</min_event_value>
		<max_event_value>2</max_event_value>
		<sum_daily_nb_uniq_visitors>2</sum_daily_nb_uniq_visitors>
		<avg_event_value>2</avg_event_value>
		<segment>eventAction==TagManager.publishContainerVersion+%28speed%29</segment>
		<subtable>
			<row>
				<label>TagManager (speed)</label>
				<nb_visits>1</nb_visits>
				<nb_events>1</nb_events>
				<nb_events_with_value>1</nb_events_with_value>
				<sum_event_value>2</sum_event_value>
				<min_event_value>2</min_event_value>
				<max_event_value>2</max_event_value>
				<sum_daily_nb_uniq_visitors>2</sum_daily_nb_uniq_visitors>
				<avg_event_value>2</avg_event_value>
			</row>
		</subtable>
	</row>
	<row>
		<label>UsersManager.getUsers (count)</label>
		<nb_visits>1</nb_visits>
		<nb_events>1</nb_events>
		<nb_events_with_value>1</nb_events_with_value>
		<sum_event_value>2</sum_event_value>
		<min_event_value>2</min_event_value>
		<max_event_value>2</max_event_value>
		<sum_daily_nb_uniq_visitors>2</sum_daily_nb_uniq_visitors>
		<avg_event_value>2</avg_event_value>
		<segment>eventAction==UsersManager.getUsers+%28count%29</segment>
		<subtable>
			<row>
				<label>UsersManager (count)</label>
				<nb_visits>1</nb_visits>
				<nb_events>1</nb_events>
				<nb_events_with_value>1</nb_events_with_value>
				<sum_event_value>2</sum_event_value>
				<min_event_value>2</min_event_value>
				<max_event_value>2</max_event_value>
				<sum_daily_nb_uniq_visitors>2</sum_daily_nb_uniq_visitors>
				<avg_event_value>2</avg_event_value>
			</row>
		</subtable>
	</row>
	<row>
		<label>UsersManager.getUsers (speed)</label>
		<nb_visits>1</nb_visits>
		<nb_events>1</nb_events>
		<nb_events_with_value>1</nb_events_with_value>
		<sum_event_value>2</sum_event_value>
		<min_event_value>2</min_event_value>
		<max_event_value>2</max_event_value>
		<sum_daily_nb_uniq_visitors>2</sum_daily_nb_uniq_visitors>
		<avg_event_value>2</avg_event_value>
		<segment>eventAction==UsersManager.getUsers+%28speed%29</segment>
		<subtable>
			<row>
				<label>UsersManager (speed)</label>
				<nb_visits>1</nb_visits>
				<nb_events>1</nb_events>
				<nb_events_with_value>1</nb_events_with_value>
				<sum_event_value>2</sum_event_value>
				<min_event_value>2</min_event_value>
				<max_event_value>2</max_event_value>
				<sum_daily_nb_uniq_visitors>2</sum_daily_nb_uniq_visitors>
				<avg_event_value>2</avg_event_value>
			</row>
		</subtable>
	</row>
	<row>
		<label>VisitsSummary.get (count)</label>
		<nb_visits>1</nb_visits>
		<nb_events>1</nb_events>
		<nb_events_with_value>1</nb_events_with_value>
		<sum_event_value>2</sum_event_value>
		<min_event_value>2</min_event_value>
		<max_event_value>2</max_event_value>
		<sum_daily_nb_uniq_visitors>2</sum_daily_nb_uniq_visitors>
		<avg_event_value>2</avg_event_value>
		<segment>eventAction==VisitsSummary.get+%28count%29</segment>
		<subtable>
			<row>
				<label>VisitsSummary (count)</label>
				<nb_visits>1</nb_visits>
				<nb_events>1</nb_events>
				<nb_events_with_value>1</nb_events_with_value>
				<sum_event_value>2</sum_event_value>
				<min_event_value>2</min_event_value>
				<max_event_value>2</max_event_value>
				<sum_daily_nb_uniq_visitors>2</sum_daily_nb_uniq_visitors>
				<avg_event_value>2</avg_event_value>
			</row>
		</subtable>
	</row>
	<row>
		<label>VisitsSummary.get (speed)</label>
		<nb_visits>1</nb_visits>
		<nb_events>1</nb_events>
		<nb_events_with_value>1</nb_events_with_value>
		<sum_event_value>2</sum_event_value>
		<min_event_value>2</min_event_value>
		<max_event_value>2</max_event_value>
		<sum_daily_nb_uniq_visitors>2</sum_daily_nb_uniq_visitors>
		<avg_event_value>2</avg_event_value>
		<segment>eventAction==VisitsSummary.get+%28speed%29</segment>
		<subtable>
			<row>
				<label>VisitsSummary (speed)</label>
				<nb_visits>1</nb_visits>
				<nb_events>1</nb_events>
				<nb_events_with_value>1</nb_events_with_value>
				<sum_event_value>2</sum_event_value>
				<min_event_value>2</min_event_value>
				<max_event_value>2</max_event_value>
				<sum_daily_nb_uniq_visitors>2</sum_daily_nb_uniq_visitors>
				<avg_event_value>2</avg_event_value>
			</row>
		</subtable>
	</row>
</result>