<?xml version="1.0" encoding="utf-8" ?>
<result>
	<row>
		<label>Matomo Version</label>
		<nb_visits>1</nb_visits>
		<nb_actions>39</nb_actions>
		<max_actions>39</max_actions>
		<sum_visit_length>1</sum_visit_length>
		<bounce_count>0</bounce_count>
		<nb_visits_converted>0</nb_visits_converted>
		<sum_daily_nb_uniq_visitors>1</sum_daily_nb_uniq_visitors>
		<sum_daily_nb_users>0</sum_daily_nb_users>
		<slots>
			<row>
				<scope>visit</scope>
				<index>1</index>
			</row>
		</slots>
		<segment>customVariableName==Matomo+Version</segment>
		<subtable>
			<row>
				<label>2.14.3</label>
				<nb_visits>1</nb_visits>
				<nb_actions>39</nb_actions>
				<max_actions>39</max_actions>
				<sum_visit_length>1</sum_visit_length>
				<bounce_count>0</bounce_count>
				<nb_visits_converted>0</nb_visits_converted>
				<sum_daily_nb_uniq_visitors>1</sum_daily_nb_uniq_visitors>
				<sum_daily_nb_users>0</sum_daily_nb_users>
			</row>
		</subtable>
	</row>
	<row>
		<label>Num Segments</label>
		<nb_visits>1</nb_visits>
		<nb_actions>39</nb_actions>
		<max_actions>39</max_actions>
		<sum_visit_length>1</sum_visit_length>
		<bounce_count>0</bounce_count>
		<nb_visits_converted>0</nb_visits_converted>
		<sum_daily_nb_uniq_visitors>1</sum_daily_nb_uniq_visitors>
		<sum_daily_nb_users>0</sum_daily_nb_users>
		<slots>
			<row>
				<scope>visit</scope>
				<index>5</index>
			</row>
		</slots>
		<segment>customVariableName==Num+Segments</segment>
		<subtable>
			<row>
				<label>0</label>
				<nb_visits>1</nb_visits>
				<nb_actions>39</nb_actions>
				<max_actions>39</max_actions>
				<sum_visit_length>1</sum_visit_length>
				<bounce_count>0</bounce_count>
				<nb_visits_converted>0</nb_visits_converted>
				<sum_daily_nb_uniq_visitors>1</sum_daily_nb_uniq_visitors>
				<sum_daily_nb_users>0</sum_daily_nb_users>
			</row>
		</subtable>
	</row>
	<row>
		<label>Num Users</label>
		<nb_visits>1</nb_visits>
		<nb_actions>39</nb_actions>
		<max_actions>39</max_actions>
		<sum_visit_length>1</sum_visit_length>
		<bounce_count>0</bounce_count>
		<nb_visits_converted>0</nb_visits_converted>
		<sum_daily_nb_uniq_visitors>1</sum_daily_nb_uniq_visitors>
		<sum_daily_nb_users>0</sum_daily_nb_users>
		<slots>
			<row>
				<scope>visit</scope>
				<index>3</index>
			</row>
		</slots>
		<segment>customVariableName==Num+Users</segment>
		<subtable>
			<row>
				<label>1</label>
				<nb_visits>1</nb_visits>
				<nb_actions>39</nb_actions>
				<max_actions>39</max_actions>
				<sum_visit_length>1</sum_visit_length>
				<bounce_count>0</bounce_count>
				<nb_visits_converted>0</nb_visits_converted>
				<sum_daily_nb_uniq_visitors>1</sum_daily_nb_uniq_visitors>
				<sum_daily_nb_users>0</sum_daily_nb_users>
			</row>
		</subtable>
	</row>
	<row>
		<label>Num Websites</label>
		<nb_visits>1</nb_visits>
		<nb_actions>39</nb_actions>
		<max_actions>39</max_actions>
		<sum_visit_length>1</sum_visit_length>
		<bounce_count>0</bounce_count>
		<nb_visits_converted>0</nb_visits_converted>
		<sum_daily_nb_uniq_visitors>1</sum_daily_nb_uniq_visitors>
		<sum_daily_nb_users>0</sum_daily_nb_users>
		<slots>
			<row>
				<scope>visit</scope>
				<index>4</index>
			</row>
		</slots>
		<segment>customVariableName==Num+Websites</segment>
		<subtable>
			<row>
				<label>1</label>
				<nb_visits>1</nb_visits>
				<nb_actions>39</nb_actions>
				<max_actions>39</max_actions>
				<sum_visit_length>1</sum_visit_length>
				<bounce_count>0</bounce_count>
				<nb_visits_converted>0</nb_visits_converted>
				<sum_daily_nb_uniq_visitors>1</sum_daily_nb_uniq_visitors>
				<sum_daily_nb_users>0</sum_daily_nb_users>
			</row>
		</subtable>
	</row>
	<row>
		<label>PHP Version</label>
		<nb_visits>1</nb_visits>
		<nb_actions>39</nb_actions>
		<max_actions>39</max_actions>
		<sum_visit_length>1</sum_visit_length>
		<bounce_count>0</bounce_count>
		<nb_visits_converted>0</nb_visits_converted>
		<sum_daily_nb_uniq_visitors>1</sum_daily_nb_uniq_visitors>
		<sum_daily_nb_users>0</sum_daily_nb_users>
		<slots>
			<row>
				<scope>visit</scope>
				<index>2</index>
			</row>
		</slots>
		<segment>customVariableName==PHP+Version</segment>
		<subtable>
			<row>
				<label>5.5.27</label>
				<nb_visits>1</nb_visits>
				<nb_actions>39</nb_actions>
				<max_actions>39</max_actions>
				<sum_visit_length>1</sum_visit_length>
				<bounce_count>0</bounce_count>
				<nb_visits_converted>0</nb_visits_converted>
				<sum_daily_nb_uniq_visitors>1</sum_daily_nb_uniq_visitors>
				<sum_daily_nb_users>0</sum_daily_nb_users>
			</row>
		</subtable>
	</row>
</result>