<?xml version="1.0" encoding="utf-8" ?>
<result>
	<error message="An unexpected website was found in the request: website id was set to '999' ." />
</result>