<?xml version="1.0" encoding="utf-8" ?>
<result>
	<idcontainerversion>2</idcontainerversion>
	<idcontainer>aaacont2</idcontainer>
	<idsite>2</idsite>
	<status>active</status>
	<revision>0</revision>
	<name />
	<description />
	
	
	
	
	<releases>
	</releases>
</result>